
> klyora-boutique-theme@0.0.0 build
> vite build

[36mvite v6.4.1 [32mbuilding for production...[36m[39m
node.exe : 
At line:1 char:1
+ & "C:\Program Files
\nodejs/node.exe" 
"C:\Program 
Files\nodejs/node_mo 
...
+ ~~~~~~~~~~~~~~~~~~~
~~~~~~~~~~~~~~~~~~~~~
~~~~~~~~~~~~~~~~~~~~~
~~~~~~~~
    + CategoryInfo   
           : 
NotSpecifi    ed: 
(:String) [],     
RemoteException
    + 
FullyQualifiedEr    
rorId : NativeComm   
 andError
 
/index.css doesn't 
exist at build time, 
it will remain 
unchanged to be 
resolved at runtime
transforming...
[32mΓ£ô[39m 4 modules transformed.
[31mΓ£ù[39m Build 
failed in 67ms
[31merror during 
build:
[31m[vite:esbuild] 
Transform failed 
with 3 errors:
C:/Users/12aki/Downlo
ads/shopify/klyora-on
line-1/App.tsx:991:6:
 ERROR: Unexpected 
closing "div" tag 
does not match 
opening "main" tag
C:/Users/12aki/Downlo
ads/shopify/klyora-on
line-1/App.tsx:993:0:
 ERROR: The 
character "}" is not 
valid inside a JSX 
element
C:/Users/12aki/Downlo
ads/shopify/klyora-on
line-1/App.tsx:996:0:
 ERROR: Unexpected 
end of file before a 
closing "div" 
tag[31m
file: [36mC:/Users/1
2aki/Downloads/shopif
y/klyora-online-1/App
.tsx:991:6[31m
[33m
[33mUnexpected 
closing "div" tag 
does not match 
opening "main" 
tag[33m
989|          
<NewsletterModal />
990|          
{notification && 
<Notification message
={notification.messag
e} onClose={() => set
Notification(null)} 
/>}
991|      </div >
   |        ^
992|    );
993|  };

[33mThe character 
"}" is not valid 
inside a JSX 
element[33m
991|      </div >
992|    );
993|  };
   |  ^
994|  
995|  export default 
App;

[33mUnexpected end 
of file before a 
closing "div" 
tag[33m
994|  
995|  export default 
App;
996|  
   |  ^
[31m
    at 
failureErrorWithLog (
C:\Users\12aki\Downlo
ads\shopify\klyora-on
line-1\node_modules\e
sbuild\lib\main.js:14
67:15)
    at C:\Users\12aki
\Downloads\shopify\kl
yora-online-1\node_mo
dules\esbuild\lib\mai
n.js:736:50
    at responseCallba
cks.<computed> (C:\Us
ers\12aki\Downloads\s
hopify\klyora-online-
1\node_modules\esbuil
d\lib\main.js:603:9)
    at 
handleIncomingPacket 
(C:\Users\12aki\Downl
oads\shopify\klyora-o
nline-1\node_modules\
esbuild\lib\main.js:6
58:12)
    at Socket.readFro
mStdout (C:\Users\12a
ki\Downloads\shopify\
klyora-online-1\node_
modules\esbuild\lib\m
ain.js:581:7)
    at Socket.emit 
(node:events:508:28)
    at addChunk (node
:internal/streams/rea
dable:559:12)
    at readableAddChu
nkPushByteMode (node:
internal/streams/read
able:510:3)
    at Readable.push 
(node:internal/stream
s/readable:390:5)
    at 
Pipe.onStreamRead (no
de:internal/stream_ba
se_commons:189:23)[3
9m
