App.tsx(550,8): error TS17008: JSX element 'main' has no corresponding closing tag.
App.tsx(1069,11): error TS1381: Unexpected token. Did you mean `{'}'}` or `&rbrace;`?
App.tsx(1070,29): error TS1005: '}' expected.
App.tsx(1070,52): error TS1381: Unexpected token. Did you mean `{'}'}` or `&rbrace;`?
App.tsx(1071,9): error TS1381: Unexpected token. Did you mean `{'}'}` or `&rbrace;`?
App.tsx(1071,10): error TS1381: Unexpected token. Did you mean `{'}'}` or `&rbrace;`?
App.tsx(1072,8): error TS1382: Unexpected token. Did you mean `{'>'}` or `&gt;`?
